Traceback (most recent call last):
  File "/home/ubuntu/sudipta/agentic_reasoning/meta-agent-dev-v2/meta_agent/evaluator.py", line 158, in run
    for fut in as_completed(futures):
  File "/usr/lib/python3.12/concurrent/futures/_base.py", line 243, in as_completed
    waiter.event.wait(wait_timeout)
  File "/usr/lib/python3.12/threading.py", line 655, in wait
    signaled = self._cond.wait(timeout)
               ^^^^^^^^^^^^^^^^^^^^^^^^
  File "/usr/lib/python3.12/threading.py", line 355, in wait
    waiter.acquire()
KeyboardInterrupt

During handling of the above exception, another exception occurred:

Traceback (most recent call last):
  File "/home/ubuntu/sudipta/agentic_reasoning/meta-agent-dev-v2/main_loop.py", line 277, in <module>
    run(args.config)
  File "/home/ubuntu/sudipta/agentic_reasoning/meta-agent-dev-v2/main_loop.py", line 37, in run
    outcome = fw.manager.evolve(
              ^^^^^^^^^^^^^^^^^^
  File "/home/ubuntu/sudipta/agentic_reasoning/meta-agent-dev-v2/meta_agent/managers/hgm_dual.py", line 809, in evolve
    return super().evolve(
           ^^^^^^^^^^^^^^^
  File "/home/ubuntu/sudipta/agentic_reasoning/meta-agent-dev-v2/meta_agent/managers/hgm.py", line 164, in evolve
    self._run_seed(seed_dir, evaluator, gatherer)
  File "/home/ubuntu/sudipta/agentic_reasoning/meta-agent-dev-v2/meta_agent/managers/hgm.py", line 713, in _run_seed
    result = evaluator.run(
             ^^^^^^^^^^^^^^
  File "/home/ubuntu/sudipta/agentic_reasoning/meta-agent-dev-v2/meta_agent/evaluator.py", line 153, in run
    with ThreadPoolExecutor(max_workers=self.parallelism) as pool:
  File "/usr/lib/python3.12/concurrent/futures/_base.py", line 647, in __exit__
    self.shutdown(wait=True)
  File "/usr/lib/python3.12/concurrent/futures/thread.py", line 238, in shutdown
    t.join()
  File "/usr/lib/python3.12/threading.py", line 1147, in join
    self._wait_for_tstate_lock()
  File "/usr/lib/python3.12/threading.py", line 1167, in _wait_for_tstate_lock
    if lock.acquire(block, timeout):
       ^^^^^^^^^^^^^^^^^^^^^^^^^^^^
KeyboardInterrupt
Exception ignored in: <module 'threading' from '/usr/lib/python3.12/threading.py'>
Traceback (most recent call last):
  File "/usr/lib/python3.12/threading.py", line 1592, in _shutdown
    atexit_call()
  File "/usr/lib/python3.12/concurrent/futures/thread.py", line 31, in _python_exit
    t.join()
  File "/usr/lib/python3.12/threading.py", line 1147, in join
    self._wait_for_tstate_lock()
  File "/usr/lib/python3.12/threading.py", line 1167, in _wait_for_tstate_lock
    if lock.acquire(block, timeout):
       ^^^^^^^^^^^^^^^^^^^^^^^^^^^^
KeyboardInterrupt: 
